{
  "Entries": [
    {
      "RequestUri": "https://textanalytics-westeurope.ppe.cognitiveservices.azure.com/text/analytics/v3.1-preview.3/entities/health/jobs",
      "RequestMethod": "POST",
      "RequestHeaders": {
        "Accept": "application/json, text/json",
        "Content-Length": "100",
        "Content-Type": "application/json",
        "Ocp-Apim-Subscription-Key": "Sanitized",
        "User-Agent": "azsdk-net-AI.TextAnalytics/5.1.0-alpha.20210113.1 (.NET Framework 4.8.4250.0; Microsoft Windows 10.0.19042 )",
        "x-ms-client-request-id": "0e649e128b084513c9c62e584c5f813b",
        "x-ms-return-client-request-id": "true"
      },
      "RequestBody": {
        "documents": [
          {
            "id": "0",
            "text": "Subject is taking 100mg of ibuprofen twice daily",
            "language": "en"
          }
        ]
      },
      "StatusCode": 202,
      "ResponseHeaders": {
        "apim-request-id": "d19c132f-10ce-44f3-ace5-aa639ebd7c28",
        "Date": "Thu, 14 Jan 2021 01:39:19 GMT",
        "operation-location": "https://textanalytics-westeurope.ppe.cognitiveservices.azure.com/text/analytics/v3.1-preview.3/entities/health/jobs/62d2f4c3-f0f0-41f1-aa72-a0da3d5f6fd7",
        "Strict-Transport-Security": "max-age=31536000; includeSubDomains; preload",
        "Transfer-Encoding": "chunked",
        "x-content-type-options": "nosniff",
        "x-envoy-upstream-service-time": "107"
      },
      "ResponseBody": []
    },
    {
      "RequestUri": "https://textanalytics-westeurope.ppe.cognitiveservices.azure.com/text/analytics/v3.1-preview.3/entities/health/jobs/62d2f4c3-f0f0-41f1-aa72-a0da3d5f6fd7?showStats=false",
      "RequestMethod": "GET",
      "RequestHeaders": {
        "Accept": "application/json, text/json",
        "Ocp-Apim-Subscription-Key": "Sanitized",
        "User-Agent": "azsdk-net-AI.TextAnalytics/5.1.0-alpha.20210113.1 (.NET Framework 4.8.4250.0; Microsoft Windows 10.0.19042 )",
        "x-ms-client-request-id": "796705c1528f3adf8bba34f0a8f2bd37",
        "x-ms-return-client-request-id": "true"
      },
      "RequestBody": null,
      "StatusCode": 200,
      "ResponseHeaders": {
        "apim-request-id": "032de2e2-55ef-4557-baee-260382fa2399",
        "Content-Type": "application/json; charset=utf-8",
        "Date": "Thu, 14 Jan 2021 01:39:19 GMT",
        "Strict-Transport-Security": "max-age=31536000; includeSubDomains; preload",
        "Transfer-Encoding": "chunked",
        "x-content-type-options": "nosniff",
        "x-envoy-upstream-service-time": "5"
      },
      "ResponseBody": {
        "jobId": "62d2f4c3-f0f0-41f1-aa72-a0da3d5f6fd7",
        "lastUpdateDateTime": "2021-01-14T01:39:20Z",
        "createdDateTime": "2021-01-14T01:39:20Z",
        "expirationDateTime": "2021-01-15T01:39:20Z",
        "status": "notStarted",
        "errors": []
      }
    },
    {
      "RequestUri": "https://textanalytics-westeurope.ppe.cognitiveservices.azure.com/text/analytics/v3.1-preview.3/entities/health/jobs/62d2f4c3-f0f0-41f1-aa72-a0da3d5f6fd7?showStats=false",
      "RequestMethod": "GET",
      "RequestHeaders": {
        "Accept": "application/json, text/json",
        "Ocp-Apim-Subscription-Key": "Sanitized",
        "User-Agent": "azsdk-net-AI.TextAnalytics/5.1.0-alpha.20210113.1 (.NET Framework 4.8.4250.0; Microsoft Windows 10.0.19042 )",
        "x-ms-client-request-id": "740ea8ad2ce006c130b149d1ae645358",
        "x-ms-return-client-request-id": "true"
      },
      "RequestBody": null,
      "StatusCode": 200,
      "ResponseHeaders": {
        "apim-request-id": "06531935-df1e-4e9a-9dee-e58fce36878f",
        "Content-Type": "application/json; charset=utf-8",
        "Date": "Thu, 14 Jan 2021 01:39:21 GMT",
        "Strict-Transport-Security": "max-age=31536000; includeSubDomains; preload",
        "Transfer-Encoding": "chunked",
        "x-content-type-options": "nosniff",
        "x-envoy-upstream-service-time": "39"
      },
      "ResponseBody": {
        "jobId": "62d2f4c3-f0f0-41f1-aa72-a0da3d5f6fd7",
        "lastUpdateDateTime": "2021-01-14T01:39:20Z",
        "createdDateTime": "2021-01-14T01:39:20Z",
        "expirationDateTime": "2021-01-15T01:39:20Z",
        "status": "succeeded",
        "errors": [],
        "results": {
          "documents": [
            {
              "id": "0",
              "entities": [
                {
                  "offset": 18,
                  "length": 5,
                  "text": "100mg",
                  "category": "Dosage",
                  "confidenceScore": 1.0,
                  "isNegated": false
                },
                {
                  "offset": 27,
                  "length": 9,
                  "text": "ibuprofen",
                  "category": "MedicationName",
                  "confidenceScore": 1.0,
                  "isNegated": false,
                  "links": [
                    {
                      "dataSource": "UMLS",
                      "id": "C0020740"
                    },
                    {
                      "dataSource": "AOD",
                      "id": "0000019879"
                    },
                    {
                      "dataSource": "ATC",
                      "id": "M01AE01"
                    },
                    {
                      "dataSource": "CCPSS",
                      "id": "0046165"
                    },
                    {
                      "dataSource": "CHV",
                      "id": "0000006519"
                    },
                    {
                      "dataSource": "CSP",
                      "id": "2270-2077"
                    },
                    {
                      "dataSource": "DRUGBANK",
                      "id": "DB01050"
                    },
                    {
                      "dataSource": "GS",
                      "id": "1611"
                    },
                    {
                      "dataSource": "LCH_NW",
                      "id": "sh97005926"
                    },
                    {
                      "dataSource": "LNC",
                      "id": "LP16165-0"
                    },
                    {
                      "dataSource": "MEDCIN",
                      "id": "40458"
                    },
                    {
                      "dataSource": "MMSL",
                      "id": "d00015"
                    },
                    {
                      "dataSource": "MSH",
                      "id": "D007052"
                    },
                    {
                      "dataSource": "MTHSPL",
                      "id": "WK2XYI10QM"
                    },
                    {
                      "dataSource": "NCI",
                      "id": "C561"
                    },
                    {
                      "dataSource": "NCI_CTRP",
                      "id": "C561"
                    },
                    {
                      "dataSource": "NCI_DCP",
                      "id": "00803"
                    },
                    {
                      "dataSource": "NCI_DTP",
                      "id": "NSC0256857"
                    },
                    {
                      "dataSource": "NCI_FDA",
                      "id": "WK2XYI10QM"
                    },
                    {
                      "dataSource": "NCI_NCI-GLOSS",
                      "id": "CDR0000613511"
                    },
                    {
                      "dataSource": "NDDF",
                      "id": "002377"
                    },
                    {
                      "dataSource": "PDQ",
                      "id": "CDR0000040475"
                    },
                    {
                      "dataSource": "RCD",
                      "id": "x02MO"
                    },
                    {
                      "dataSource": "RXNORM",
                      "id": "5640"
                    },
                    {
                      "dataSource": "SNM",
                      "id": "E-7772"
                    },
                    {
                      "dataSource": "SNMI",
                      "id": "C-603C0"
                    },
                    {
                      "dataSource": "SNOMEDCT_US",
                      "id": "387207008"
                    },
                    {
                      "dataSource": "USP",
                      "id": "m39860"
                    },
                    {
                      "dataSource": "USPMG",
                      "id": "MTHU000060"
                    },
                    {
                      "dataSource": "VANDF",
                      "id": "4017840"
                    }
                  ]
                },
                {
                  "offset": 37,
                  "length": 11,
                  "text": "twice daily",
                  "category": "Frequency",
                  "confidenceScore": 1.0,
                  "isNegated": false
                }
              ],
              "relations": [
                {
                  "relationType": "DosageOfMedication",
                  "bidirectional": false,
                  "source": "#/results/documents/0/entities/0",
                  "target": "#/results/documents/0/entities/1"
                },
                {
                  "relationType": "FrequencyOfMedication",
                  "bidirectional": false,
                  "source": "#/results/documents/0/entities/2",
                  "target": "#/results/documents/0/entities/1"
                }
              ],
              "warnings": []
            }
          ],
          "errors": [],
          "modelVersion": "2020-09-03"
        }
      }
    }
  ],
  "Variables": {
    "RandomSeed": "1940196881",
    "TEXT_ANALYTICS_API_KEY": "Sanitized",
    "TEXT_ANALYTICS_ENDPOINT": "https://textanalytics-westeurope.ppe.cognitiveservices.azure.com"
  }
}