{
  "Entries": [
    {
      "RequestUri": "https://seannsecanary.blob.core.windows.net/test-filesystem-2aa5cdd5-8ad9-2337-3dd3-5c7f4c595046?restype=container",
      "RequestMethod": "PUT",
      "RequestHeaders": {
        "Authorization": "Sanitized",
        "traceparent": "00-975e372d60e33248870e1d72d947cf9d-34258f4f2636314d-00",
        "User-Agent": [
          "azsdk-net-Storage.Files.DataLake/12.3.0-dev.20200729.1",
          "(.NET Core 4.6.29017.01; Microsoft Windows 10.0.18362 )"
        ],
        "x-ms-blob-public-access": "container",
        "x-ms-client-request-id": "fedb9c19-8188-7f8c-0790-be52ab39afd2",
        "x-ms-date": "Thu, 30 Jul 2020 03:15:45 GMT",
        "x-ms-return-client-request-id": "true",
        "x-ms-version": "2020-02-10"
      },
      "RequestBody": null,
      "StatusCode": 201,
      "ResponseHeaders": {
        "Content-Length": "0",
        "Date": "Thu, 30 Jul 2020 03:15:46 GMT",
        "ETag": "\u00220x8D83436DA141A01\u0022",
        "Last-Modified": "Thu, 30 Jul 2020 03:15:46 GMT",
        "Server": [
          "Windows-Azure-Blob/1.0",
          "Microsoft-HTTPAPI/2.0"
        ],
        "x-ms-client-request-id": "fedb9c19-8188-7f8c-0790-be52ab39afd2",
        "x-ms-request-id": "515f2c52-701e-000c-1e1f-66daa8000000",
        "x-ms-version": "2020-02-10"
      },
      "ResponseBody": []
    },
    {
      "RequestUri": "https://seannsecanary.dfs.core.windows.net/test-filesystem-2aa5cdd5-8ad9-2337-3dd3-5c7f4c595046/test-directory-9c8f0b39-d716-7f4f-019e-6371ab5299ff?resource=directory",
      "RequestMethod": "PUT",
      "RequestHeaders": {
        "Authorization": "Sanitized",
        "traceparent": "00-76287a551fd5984d8910ee48aa5a2ee5-3cf1b93619e4d847-00",
        "User-Agent": [
          "azsdk-net-Storage.Files.DataLake/12.3.0-dev.20200729.1",
          "(.NET Core 4.6.29017.01; Microsoft Windows 10.0.18362 )"
        ],
        "x-ms-client-request-id": "7dac0cb8-f4ae-4255-4c5b-fce91d1ad4b5",
        "x-ms-date": "Thu, 30 Jul 2020 03:15:46 GMT",
        "x-ms-return-client-request-id": "true",
        "x-ms-version": "2020-02-10"
      },
      "RequestBody": null,
      "StatusCode": 201,
      "ResponseHeaders": {
        "Content-Length": "0",
        "Date": "Thu, 30 Jul 2020 03:15:46 GMT",
        "ETag": "\u00220x8D83436DA6841AF\u0022",
        "Last-Modified": "Thu, 30 Jul 2020 03:15:47 GMT",
        "Server": [
          "Windows-Azure-HDFS/1.0",
          "Microsoft-HTTPAPI/2.0"
        ],
        "x-ms-client-request-id": "7dac0cb8-f4ae-4255-4c5b-fce91d1ad4b5",
        "x-ms-request-id": "2d8fa130-901f-0092-451f-66c976000000",
        "x-ms-version": "2020-02-10"
      },
      "ResponseBody": []
    },
    {
      "RequestUri": "https://seannsecanary.dfs.core.windows.net/test-filesystem-2aa5cdd5-8ad9-2337-3dd3-5c7f4c595046/test-directory-9c8f0b39-d716-7f4f-019e-6371ab5299ff/test-file-bb10bef6-fed4-e754-4d3c-1fed08ede988?resource=file\u0026blobtype=appendblob",
      "RequestMethod": "PUT",
      "RequestHeaders": {
        "Authorization": "Sanitized",
        "If-None-Match": "*",
        "traceparent": "00-7f0a9e81256dc446a2c185bd1d23e24f-417d60ee8a12d34d-00",
        "User-Agent": [
          "azsdk-net-Storage.Files.DataLake/12.3.0-dev.20200729.1",
          "(.NET Core 4.6.29017.01; Microsoft Windows 10.0.18362 )"
        ],
        "x-ms-client-request-id": "d86b1954-9f68-b9b8-b7c4-3071d567395f",
        "x-ms-date": "Thu, 30 Jul 2020 03:15:46 GMT",
        "x-ms-return-client-request-id": "true",
        "x-ms-version": "2020-02-10"
      },
      "RequestBody": null,
      "StatusCode": 201,
      "ResponseHeaders": {
        "Content-Length": "0",
        "Date": "Thu, 30 Jul 2020 03:15:46 GMT",
        "ETag": "\u00220x8D83436DA7A254B\u0022",
        "Last-Modified": "Thu, 30 Jul 2020 03:15:47 GMT",
        "Server": [
          "Windows-Azure-HDFS/1.0",
          "Microsoft-HTTPAPI/2.0"
        ],
        "x-ms-client-request-id": "d86b1954-9f68-b9b8-b7c4-3071d567395f",
        "x-ms-request-id": "2d8fa131-901f-0092-461f-66c976000000",
        "x-ms-version": "2020-02-10"
      },
      "ResponseBody": []
    },
    {
      "RequestUri": "https://seannsecanary.blob.core.windows.net/test-filesystem-2aa5cdd5-8ad9-2337-3dd3-5c7f4c595046?restype=container",
      "RequestMethod": "DELETE",
      "RequestHeaders": {
        "Authorization": "Sanitized",
        "traceparent": "00-6c776b915dca4c419611d236d6183950-c9b123da69574540-00",
        "User-Agent": [
          "azsdk-net-Storage.Files.DataLake/12.3.0-dev.20200729.1",
          "(.NET Core 4.6.29017.01; Microsoft Windows 10.0.18362 )"
        ],
        "x-ms-client-request-id": "ef98bd08-1081-a320-1eff-e6e1ebdf7833",
        "x-ms-date": "Thu, 30 Jul 2020 03:15:46 GMT",
        "x-ms-return-client-request-id": "true",
        "x-ms-version": "2020-02-10"
      },
      "RequestBody": null,
      "StatusCode": 202,
      "ResponseHeaders": {
        "Content-Length": "0",
        "Date": "Thu, 30 Jul 2020 03:15:46 GMT",
        "Server": [
          "Windows-Azure-Blob/1.0",
          "Microsoft-HTTPAPI/2.0"
        ],
        "x-ms-client-request-id": "ef98bd08-1081-a320-1eff-e6e1ebdf7833",
        "x-ms-request-id": "515f2c8b-701e-000c-461f-66daa8000000",
        "x-ms-version": "2020-02-10"
      },
      "ResponseBody": []
    }
  ],
  "Variables": {
    "RandomSeed": "883083250",
    "Storage_TestConfigHierarchicalNamespace": "NamespaceTenant\nseannsecanary\nU2FuaXRpemVk\nhttps://seannsecanary.blob.core.windows.net\nhttps://seannsecanary.file.core.windows.net\nhttps://seannsecanary.queue.core.windows.net\nhttps://seannsecanary.table.core.windows.net\n\n\n\n\nhttps://seannsecanary-secondary.blob.core.windows.net\nhttps://seannsecanary-secondary.file.core.windows.net\nhttps://seannsecanary-secondary.queue.core.windows.net\nhttps://seannsecanary-secondary.table.core.windows.net\n68390a19-a643-458b-b726-408abf67b4fc\nSanitized\n72f988bf-86f1-41af-91ab-2d7cd011db47\nhttps://login.microsoftonline.com/\nCloud\nBlobEndpoint=https://seannsecanary.blob.core.windows.net/;QueueEndpoint=https://seannsecanary.queue.core.windows.net/;FileEndpoint=https://seannsecanary.file.core.windows.net/;BlobSecondaryEndpoint=https://seannsecanary-secondary.blob.core.windows.net/;QueueSecondaryEndpoint=https://seannsecanary-secondary.queue.core.windows.net/;FileSecondaryEndpoint=https://seannsecanary-secondary.file.core.windows.net/;AccountName=seannsecanary;AccountKey=Sanitized\n"
  }
}